06-07 00:20:23.432 V/WindowManager(2094):         {null m=TO_BACK f=FILLS_TASK leash=Surface(name=ActivityRecord{a1fe3fc u0 com.random.chat.app/.ui.talks.TalkListActivity)/@0xdc4848a sb=Rect(0, 0 - 1080, 2400) eb=Rect(0, 0 - 1080, 2400) epz=Point(1080, 2400) d=0 bc=ff141218 component=com.random.chat.app/.ui.talks.TalkListActivity opt={t=FROM_STYLE mUserId=0}}
06-07 00:20:23.538 I/ImeTracker(2094): com.random.chat.app:ab929e6b: onRequestHide at ORIGIN_SERVER reason HIDE_UNSPECIFIED_WINDOW fromUser false
06-07 00:20:23.539 I/ImeTracker(2094): com.random.chat.app:ab929e6b: onCancelled at PHASE_SERVER_SHOULD_HIDE
06-07 00:20:23.543 I/GoogleInputMethodService(5357): GoogleInputMethodService.onStartInput():1247 onStartInput(EditorInfo{EditorInfo{packageName=com.random.chat.app, inputType=0, inputTypeString=NULL, enableLearning=false, autoCorrection=false, autoComplete=false, imeOptions=0, privateImeOptions=null, actionName=UNSPECIFIED, actionLabel=null, initialSelStart=-1, initialSelEnd=-1, initialCapsMode=0, label=null, fieldId=0, fieldName=null, extras=null, hintText=null, hintLocales=[]}}, false)
06-07 00:20:23.548 W/PackageConfigPersister(2094): App-specific configuration not found for packageName: com.random.chat.app and userId: 0
06-07 00:20:23.732 D/CoreBackPreview(2094): Window{48543e8 u0 com.random.chat.app/com.random.chat.app.ui.talks.TalkListActivity}: Setting back callback OnBackInvokedCallbackInfo{mCallback=android.window.IOnBackInvokedCallback$Stub$Proxy@5214abb, mPriority=-1, mIsAnimationCallback=false}
06-07 00:20:24.732 I/ImeTracker(32553): com.random.chat.app:9bb00124: onRequestShow at ORIGIN_CLIENT reason SHOW_SOFT_INPUT fromUser true
06-07 00:20:24.733 D/InputMethodManager(32553): showSoftInput() view=com.random.chat.app.util.view.CutCopyPasteEmojiEditText{9be18e9 VFED..CL. .F.P..ID 97,0-819,126 #7f0a039b app:id/txtMsg aid=1073741824} flags=0 reason=SHOW_SOFT_INPUT
06-07 00:20:24.734 I/GoogleInputMethodService(5357): GoogleInputMethodService.onStartInput():1247 onStartInput(EditorInfo{EditorInfo{packageName=com.random.chat.app, inputType=20001, inputTypeString=Normal[MultiLine], enableLearning=true, autoCorrection=true, autoComplete=true, imeOptions=40000006, privateImeOptions=null, actionName=DONE, actionLabel=null, initialSelStart=0, initialSelEnd=0, initialCapsMode=0, label=null, fieldId=2131362715, fieldName=null, extras=Bundle[mParcelledData.dataSize=168], hintText=non-empty, hintLocales=[]}}, false)
06-07 00:20:24.737 W/PackageConfigPersister(2094): App-specific configuration not found for packageName: com.random.chat.app and userId: 0
06-07 00:20:24.740 I/GoogleInputMethodService(5357): GoogleInputMethodService.onStartInputView():1342 onStartInputView(EditorInfo{EditorInfo{packageName=com.random.chat.app, inputType=20001, inputTypeString=Normal[MultiLine], enableLearning=true, autoCorrection=true, autoComplete=true, imeOptions=40000006, privateImeOptions=null, actionName=DONE, actionLabel=null, initialSelStart=0, initialSelEnd=0, initialCapsMode=0, label=null, fieldId=2131362715, fieldName=null, extras=Bundle[{androidx.core.view.inputmethod.EditorInfoCompat.STYLUS_HANDWRITING_ENABLED=true}], hintText=non-empty, hintLocales=[]}}, false)
06-07 00:20:24.742 I/AndroidIME(5357): AbstractIme.onActivate():95 LatinIme.onActivate() : EditorInfo = EditorInfo{packageName=com.random.chat.app, inputType=20001, inputTypeString=Normal[MultiLine], enableLearning=true, autoCorrection=true, autoComplete=true, imeOptions=40000006, privateImeOptions=null, actionName=DONE, actionLabel=null, initialSelStart=0, initialSelEnd=0, initialCapsMode=0, label=null, fieldId=2131362715, fieldName=null, extras=Bundle[{androidx.core.view.inputmethod.EditorInfoCompat.STYLUS_HANDWRITING_ENABLED=true}], hintText=non-empty, hintLocales=[]}, IncognitoMode = false, DeviceLocked = false
06-07 00:20:24.771 D/CoreBackPreview(2094): Window{ed4a0af u0 com.random.chat.app/com.random.chat.app.ui.chat.ChatActivity}: Setting back callback OnBackInvokedCallbackInfo{mCallback=android.window.IOnBackInvokedCallback$Stub$Proxy@4024925, mPriority=0, mIsAnimationCallback=true}
06-07 00:20:24.857 W/InteractionJankMonitor(32553): Initializing without READ_DEVICE_CONFIG permission. enabled=false, interval=1, missedFrameThreshold=3, frameTimeThreshold=64, package=com.random.chat.app
06-07 00:20:24.964 I/ImeTracker(32553): com.random.chat.app:9bb00124: onShown
06-07 00:20:26.057 I/GoogleInputMethodService(5357): GoogleInputMethodService.onStartInput():1247 onStartInput(EditorInfo{EditorInfo{packageName=com.random.chat.app, inputType=20001, inputTypeString=Normal[MultiLine], enableLearning=true, autoCorrection=true, autoComplete=true, imeOptions=40000006, privateImeOptions=null, actionName=DONE, actionLabel=null, initialSelStart=0, initialSelEnd=0, initialCapsMode=3000, label=null, fieldId=2131362715, fieldName=null, extras=Bundle[mParcelledData.dataSize=168], hintText=non-empty, hintLocales=[]}}, true)
06-07 00:20:26.084 W/PackageConfigPersister(2094): App-specific configuration not found for packageName: com.random.chat.app and userId: 0
06-07 00:20:26.085 I/GoogleInputMethodService(5357): GoogleInputMethodService.onStartInputView():1342 onStartInputView(EditorInfo{EditorInfo{packageName=com.random.chat.app, inputType=20001, inputTypeString=Normal[MultiLine], enableLearning=true, autoCorrection=true, autoComplete=true, imeOptions=40000006, privateImeOptions=null, actionName=DONE, actionLabel=null, initialSelStart=0, initialSelEnd=0, initialCapsMode=3000, label=null, fieldId=2131362715, fieldName=null, extras=Bundle[{androidx.core.view.inputmethod.EditorInfoCompat.STYLUS_HANDWRITING_ENABLED=true}], hintText=non-empty, hintLocales=[]}}, true)
06-07 00:20:26.092 I/AndroidIME(5357): AbstractIme.onActivate():95 LatinIme.onActivate() : EditorInfo = EditorInfo{packageName=com.random.chat.app, inputType=20001, inputTypeString=Normal[MultiLine], enableLearning=true, autoCorrection=true, autoComplete=true, imeOptions=40000006, privateImeOptions=null, actionName=DONE, actionLabel=null, initialSelStart=0, initialSelEnd=0, initialCapsMode=3000, label=null, fieldId=2131362715, fieldName=null, extras=Bundle[{androidx.core.view.inputmethod.EditorInfoCompat.STYLUS_HANDWRITING_ENABLED=true}], hintText=non-empty, hintLocales=[]}, IncognitoMode = false, DeviceLocked = false
06-07 00:20:26.733 I/ImeTracker(32553): com.random.chat.app:1a4fe50: onRequestHide at ORIGIN_CLIENT reason HIDE_SOFT_INPUT_REQUEST_HIDE_WITH_CONTROL fromUser true
06-07 00:20:26.774 D/CoreBackPreview(2094): Window{ed4a0af u0 com.random.chat.app/com.random.chat.app.ui.chat.ChatActivity}: Setting back callback OnBackInvokedCallbackInfo{mCallback=android.window.IOnBackInvokedCallback$Stub$Proxy@2cea13, mPriority=0, mIsAnimationCallback=true}
06-07 00:20:26.870 I/ImeTracker(32553): com.random.chat.app:669b66aa: onRequestHide at ORIGIN_CLIENT reason HIDE_SOFT_INPUT_ON_ANIMATION_STATE_CHANGED fromUser false
06-07 00:20:26.871 I/ImeTracker(2094): com.random.chat.app:669b66aa: onCancelled at PHASE_SERVER_SHOULD_HIDE
06-07 00:20:26.872 I/ImeTracker(32553): com.random.chat.app:1a4fe50: onHidden
06-07 00:20:27.281 D/CoreBackPreview(2094): Window{48543e8 u0 com.random.chat.app/com.random.chat.app.ui.talks.TalkListActivity}: Setting back callback OnBackInvokedCallbackInfo{mCallback=android.window.IOnBackInvokedCallback$Stub$Proxy@6611e5a, mPriority=0, mIsAnimationCallback=true}
06-07 00:20:27.322 V/WindowManagerShell(2968): UNKNOWN MESSAGE (1354476626241269833) 6025 android.os.BinderProxy@76c3e4 {id=6025 t=CLOSE f=0x0 trk=0 r=[0@Point(0, 0)] c=[{null m=CLOSE f=FILLS_TASK leash=Surface(name=ActivityRecord{5533253 u0 com.random.chat.app/.ui.chat.ChatActivity)/@0x899104d sb=Rect(0, 0 - 1080, 2400) eb=Rect(0, 0 - 1080, 2400) epz=Point(1080, 2400) d=0 bc=ff141218 component=com.random.chat.app/.ui.chat.ChatActivity opt={t=FROM_STYLE mUserId=0}},{null m=TO_FRONT f=FILLS_TASK leash=Surface(name=ActivityRecord{a1fe3fc u0 com.random.chat.app/.ui.talks.TalkListActivity)/@0x4b19702 sb=Rect(0, 0 - 1080, 2400) eb=Rect(0, 0 - 1080, 2400) epz=Point(1080, 2400) d=0 bc=ff141218 component=com.random.chat.app/.ui.talks.TalkListActivity opt={t=FROM_STYLE mUserId=0}}]}
06-07 00:20:27.324 V/WindowManagerShell(2968): UNKNOWN MESSAGE (-9146248499991136778) {id=6025 t=CLOSE f=0x0 trk=0 r=[0@Point(0, 0)] c=[{null m=CLOSE f=FILLS_TASK leash=Surface(name=ActivityRecord{5533253 u0 com.random.chat.app/.ui.chat.ChatActivity)/@0x899104d sb=Rect(0, 0 - 1080, 2400) eb=Rect(0, 0 - 1080, 2400) epz=Point(1080, 2400) d=0 bc=ff141218 component=com.random.chat.app/.ui.chat.ChatActivity opt={t=FROM_STYLE mUserId=0}},{null m=TO_FRONT f=FILLS_TASK leash=Surface(name=ActivityRecord{a1fe3fc u0 com.random.chat.app/.ui.talks.TalkListActivity)/@0x4b19702 sb=Rect(0, 0 - 1080, 2400) eb=Rect(0, 0 - 1080, 2400) epz=Point(1080, 2400) d=0 bc=ff141218 component=com.random.chat.app/.ui.talks.TalkListActivity opt={t=FROM_STYLE mUserId=0}}]}
06-07 00:20:27.324 V/WindowManagerShell(2968): UNKNOWN MESSAGE (-1860574116773740964) {id=6025 t=CLOSE f=0x0 trk=0 r=[0@Point(0, 0)] c=[{null m=CLOSE f=FILLS_TASK leash=Surface(name=ActivityRecord{5533253 u0 com.random.chat.app/.ui.chat.ChatActivity)/@0x899104d sb=Rect(0, 0 - 1080, 2400) eb=Rect(0, 0 - 1080, 2400) epz=Point(1080, 2400) d=0 bc=ff141218 component=com.random.chat.app/.ui.chat.ChatActivity opt={t=FROM_STYLE mUserId=0}},{null m=TO_FRONT f=FILLS_TASK leash=Surface(name=ActivityRecord{a1fe3fc u0 com.random.chat.app/.ui.talks.TalkListActivity)/@0x4b19702 sb=Rect(0, 0 - 1080, 2400) eb=Rect(0, 0 - 1080, 2400) epz=Point(1080, 2400) d=0 bc=ff141218 component=com.random.chat.app/.ui.talks.TalkListActivity opt={t=FROM_STYLE mUserId=0}}]}
06-07 00:20:27.329 V/WindowManager(2094):         {null m=CLOSE f=FILLS_TASK leash=Surface(name=ActivityRecord{5533253 u0 com.random.chat.app/.ui.chat.ChatActivity)/@0x1771754 sb=Rect(0, 0 - 1080, 2400) eb=Rect(0, 0 - 1080, 2400) epz=Point(1080, 2400) d=0 bc=ff141218 component=com.random.chat.app/.ui.chat.ChatActivity opt={t=FROM_STYLE mUserId=0}},
06-07 00:20:27.329 V/WindowManager(2094):         {null m=TO_FRONT f=FILLS_TASK leash=Surface(name=ActivityRecord{a1fe3fc u0 com.random.chat.app/.ui.talks.TalkListActivity)/@0xdc4848a sb=Rect(0, 0 - 1080, 2400) eb=Rect(0, 0 - 1080, 2400) epz=Point(1080, 2400) d=0 bc=ff141218 component=com.random.chat.app/.ui.talks.TalkListActivity opt={t=FROM_STYLE mUserId=0}}
06-07 00:20:27.382 I/ImeTracker(2094): com.random.chat.app:f5fab02a: onRequestHide at ORIGIN_SERVER reason HIDE_UNSPECIFIED_WINDOW fromUser false
06-07 00:20:27.382 I/ImeTracker(2094): com.random.chat.app:f5fab02a: onCancelled at PHASE_SERVER_SHOULD_HIDE
06-07 00:20:27.385 I/GoogleInputMethodService(5357): GoogleInputMethodService.onStartInput():1247 onStartInput(EditorInfo{EditorInfo{packageName=com.random.chat.app, inputType=0, inputTypeString=NULL, enableLearning=false, autoCorrection=false, autoComplete=false, imeOptions=0, privateImeOptions=null, actionName=UNSPECIFIED, actionLabel=null, initialSelStart=-1, initialSelEnd=-1, initialCapsMode=0, label=null, fieldId=0, fieldName=null, extras=null, hintText=null, hintLocales=[]}}, false)
06-07 00:20:27.387 W/PackageConfigPersister(2094): App-specific configuration not found for packageName: com.random.chat.app and userId: 0
06-07 00:20:27.662 D/CoreBackPreview(2094): Window{ed4a0af u0 com.random.chat.app/com.random.chat.app.ui.chat.ChatActivity}: Setting back callback OnBackInvokedCallbackInfo{mCallback=android.window.IOnBackInvokedCallback$Stub$Proxy@b36f75f, mPriority=-1, mIsAnimationCallback=false}
06-07 00:20:27.666 D/CoreBackPreview(2094): Window{ed4a0af u0 com.random.chat.app/com.random.chat.app.ui.chat.ChatActivity}: Setting back callback null
06-07 00:20:29.005 D/CoreBackPreview(2094): Window{48543e8 u0 com.random.chat.app/com.random.chat.app.ui.talks.TalkListActivity}: Setting back callback OnBackInvokedCallbackInfo{mCallback=android.window.IOnBackInvokedCallback$Stub$Proxy@bedd20a, mPriority=1000000, mIsAnimationCallback=true}
06-07 00:20:31.873 D/CoreBackPreview(2094): Window{48543e8 u0 com.random.chat.app/com.random.chat.app.ui.talks.TalkListActivity}: Setting back callback OnBackInvokedCallbackInfo{mCallback=android.window.IOnBackInvokedCallback$Stub$Proxy@7154098, mPriority=0, mIsAnimationCallback=true}
06-07 00:20:32.763 V/WindowManager(2094):         {WCT{RemoteToken{40ef5a6 Task{550db93 #937 type=standard A=10626:com.random.chat.app isResizeable=true minWidth=-1 minHeight=-1}}} m=TO_BACK f=NONE leash=Surface(name=Task=937)/@0xbe170e8 sb=Rect(0, 0 - 1080, 2400) eb=Rect(0, 0 - 1080, 2400) epz=Point(1080, 2400) d=0 taskParent=-1},
06-07 00:20:32.833 W/droid.launcher3(3343): ApkAssets: Deleting an ApkAssets object '<empty> and /data/app/~~xHI8D7uHLSlON37xFEUI8g==/com.random.chat.app-QKhV6DE-aE-MkyDK5XqHZw==/base.apk' with 1 weak references
06-07 00:20:33.092 D/CoreBackPreview(2094): Window{48543e8 u0 com.random.chat.app/com.random.chat.app.ui.talks.TalkListActivity}: Setting back callback OnBackInvokedCallbackInfo{mCallback=android.window.IOnBackInvokedCallback$Stub$Proxy@c7affe0, mPriority=-1, mIsAnimationCallback=false}
06-07 00:20:33.111 W/ndroid.systemui(2968): ApkAssets: Deleting an ApkAssets object '<empty> and /data/app/~~xHI8D7uHLSlON37xFEUI8g==/com.random.chat.app-QKhV6DE-aE-MkyDK5XqHZw==/base.apk' with 1 weak references
06-07 00:20:33.201 I/XLua.LuaLog(32553): Log com.random.chat.app:10626 PrivacyEx.Intent.createFromParcel/package [BATTERY_CHANGED] (string)
06-07 00:20:33.725 W/random.chat.app(32553): Cleared Reference was only reachable from finalizer (only reported once)
06-07 00:20:33.898 I/random.chat.app(32553): Background concurrent mark compact GC freed 16MB AllocSpace bytes, 14(576KB) LOS objects, 50% free, 17MB/35MB, paused 3.165ms,10.963ms total 434.811ms
06-07 00:20:34.212 I/XLua.DatabaseHelperEx(2094): Category: com.random.chat.app
06-07 00:20:34.226 I/XLua.DatabaseHelperEx(2094): Category: com.random.chat.app
06-07 00:20:34.232 I/XLua.DatabaseHelperEx(2094): Category: com.random.chat.app
06-07 00:20:34.237 I/XLua.DatabaseHelperEx(2094): Category: com.random.chat.app
06-07 00:20:34.243 I/XLua.DatabaseHelperEx(2094): Category: com.random.chat.app
